// Jest Snapshot v1, https://goo.gl/fbAQLP

exports[`components/Navigation/Header @renders should render correctly 1`] = `
<Header>
  <glamorous(header)>
    <header
      className="css-p4zpk5"
    >
      <glamorous(section)
        className="header"
      >
        <section
          className="css-4kgshc header"
        >
          <Grid
            bsClass="container"
            componentClass="div"
            fluid={false}
          >
            <div
              className="container"
            >
              <Row
                bsClass="row"
                componentClass="div"
              >
                <div
                  className="row"
                >
                  <Col
                    bsClass="col"
                    componentClass="div"
                    xs={2}
                  >
                    <div
                      className="col-xs-2"
                    />
                  </Col>
                  <Col
                    bsClass="col"
                    componentClass="div"
                    xs={8}
                  >
                    <div
                      className="col-xs-8"
                    >
                      <Title
                        type="h1"
                      >
                        <glamorous(h1)>
                          <h1
                            className="css-jm9yv1"
                          >
                            Talk To Nick
                          </h1>
                        </glamorous(h1)>
                      </Title>
                    </div>
                  </Col>
                  <Col
                    bsClass="col"
                    componentClass="div"
                    xs={2}
                  >
                    <div
                      className="col-xs-2"
                    />
                  </Col>
                </div>
              </Row>
            </div>
          </Grid>
        </section>
      </glamorous(section)>
    </header>
  </glamorous(header)>
</Header>
`;
