// Jest Snapshot v1, https://goo.gl/fbAQLP

exports[`components/Common/Header @renders should render correctly 1`] = `
<glamorous(header)>
  <glamorous(section)
    className="header"
  >
    <glamorous(div)>
      <Logo
        modifier="sm"
      />
    </glamorous(div)>
    <glamorous(div)>
      <Grid
        bsClass="container"
        componentClass="div"
        fluid={false}
      >
        <Row
          bsClass="row"
          componentClass="div"
        >
          <Navbar>
            <NavItem>
              <withRouter(NavLink)
                href="/"
              >
                Home
              </withRouter(NavLink)>
            </NavItem>
            <NavItem>
              <withRouter(NavLink)
                href="/about"
              >
                About
              </withRouter(NavLink)>
            </NavItem>
          </Navbar>
        </Row>
      </Grid>
    </glamorous(div)>
  </glamorous(section)>
</glamorous(header)>
`;
