// Jest Snapshot v1, https://goo.gl/fbAQLP

exports[`components/Gui/Input @renders in default state 1`] = `
<glamorous(input)
  disabled={false}
  name="input"
  onBlur={[Function]}
  onChange={[Function]}
  onFocus={[Function]}
  onInput={[Function]}
  type="text"
  value="hello"
>
  <input
    className="css-1v53l60"
    disabled={false}
    name="input"
    onBlur={[Function]}
    onChange={[Function]}
    onFocus={[Function]}
    onInput={[Function]}
    type="text"
    value="hello"
  />
</glamorous(input)>
`;
